*****************************************************
TMS320C3x/4x COFF Linker        Version 4.40
*****************************************************
Mon Aug 31 14:19:04 1992

OUTPUT FILE NAME:   <blink.x40>
ENTRY POINT SYMBOL: "_c_int00"  address: 40000ed1


MEMORY CONFIGURATION

           name      origin     length     attributes     fill
         --------   --------   ---------   ----------   --------
         RAMBLK0    002ff800   000000400      RWIX      
         RAMBLK1    002ffc00   000000400      RWIX      
         L_EPROM    00300000   000010000      RWIX      
         L_SRAM     40000e00   000003400      RWIX      
         G_JTAG     81040000   000000100      RWIX      
         G_SRAM     c0000000   000004000      RWIX      


SECTION ALLOCATION MAP

 output                                  attributes/
section   page    origin      length       input sections
--------  ----  ----------  ----------   ----------------
.text      0    40000e00    00000112     
                  40000e00    0000002c     blink.obj (.text)
                  40000e2c    0000002c     led.obj (.text)
                  40000e58    00000077     interrup.obj (.text)
                  40000ecf    0000001b     rts40.lib : boot.obj (.text)
                  40000eea    00000028               : exit.obj (.text)

.cinit     0    40000f12    00000011     
                  40000f12    00000003     blink.obj (.cinit)
                  40000f15    00000007     led.obj (.cinit)
                  40000f1c    00000006     rts40.lib : exit.obj (.cinit)
                  40000f22    00000001     --HOLE-- [fill = 00000000]

.const     0    40000e00    00000000     UNINITIALIZED

.stack     0    002ffc00    00000100     UNINITIALIZED
                  002ffc00    00000000     rts40.lib : boot.obj (.stack)

.sysmem    0    40000e00    00000000     UNINITIALIZED

.bss       0    40000f23    00000028     UNINITIALIZED
                  40000f23    00000001     blink.obj (.bss)
                  40000f24    00000000     rts40.lib : boot.obj (.bss)
                  40000f24    00000000     interrup.obj (.bss)
                  40000f24    00000005     led.obj (.bss)
                  40000f29    00000022     rts40.lib : exit.obj (.bss)

.data      0    00000000    00000000     UNINITIALIZED
                  00000000    00000000     blink.obj (.data)
                  00000000    00000000     rts40.lib : exit.obj (.data)
                  00000000    00000000               : boot.obj (.data)
                  00000000    00000000     interrup.obj (.data)
                  00000000    00000000     led.obj (.data)


GLOBAL SYMBOLS

address  name                             address  name
-------- ----                             -------- ----
40000f23 .bss                             00000000 .data
00000000 .data                            00000000 edata
40000e00 .text                            00000100 __STACK_SIZE
40000ecb _ClearIIOF                       002ffc00 __stack
40000e91 _DisableInt                      40000e00 _main
40000e63 _EnableInt                       40000e00 .text
40000ec7 _GIEOff                          40000e2c _LED
40000ec5 _GIEOn                           40000e58 _SetIntVect
40000e2c _LED                             40000e5f _SetIntTable
40000e5f _SetIntTable                     40000e63 _EnableInt
40000e58 _SetIntVect                      40000e91 _DisableInt
00000100 __STACK_SIZE                     40000ec5 _GIEOn
002ffc00 __stack                          40000ec7 _GIEOff
40000f0d _abort                           40000ecb _ClearIIOF
40000efa _atexit                          40000ed1 _c_int00
40000ed1 _c_int00                         40000eea _exit
40000f23 _delay                           40000efa _atexit
40000eea _exit                            40000f0d _abort
40000e00 _main                            40000f12 etext
40000f12 cinit                            40000f12 cinit
00000000 edata                            40000f23 _delay
40000f4b end                              40000f23 .bss
40000f12 etext                            40000f4b end

[23 symbols]
