*****************************************************
TMS320C3x/4x COFF Linker        Version 4.40
*****************************************************
Fri Jul 31 16:34:30 1992

OUTPUT FILE NAME:   <int.x40>
ENTRY POINT SYMBOL: "_c_int00"  address: 40000c89


MEMORY CONFIGURATION

           name      origin     length     attributes     fill
         --------   --------   ---------   ----------   --------
         RAMBLK0    002ff800   000000400      RWIX      
         RAMBLK1    002ffc00   000000400      RWIX      
         L_EPROM    00300000   000010000      RWIX      
         L_SRAM     40000c00   000003400      RWIX      
         G_DRAM     80040000   001000000      RWIX      
         G_JTAG     81040000   000000100      RWIX      
         G_SRAM     c0000000   000004000      RWIX      


SECTION ALLOCATION MAP

 output                                  attributes/
section   page    origin      length       input sections
--------  ----  ----------  ----------   ----------------
.text      0    40000c00    000000ca     
                  40000c00    00000010     int.obj (.text)
                  40000c10    00000077     interrup.obj (.text)
                  40000c87    0000001b     rts40.lib : boot.obj (.text)
                  40000ca2    00000028               : exit.obj (.text)

.cinit     0    40000cca    0000000d     
                  40000cca    00000006     int.obj (.cinit)
                  40000cd0    00000006     rts40.lib : exit.obj (.cinit)
                  40000cd6    00000001     --HOLE-- [fill = 00000000]

.const     0    40000c00    00000000     UNINITIALIZED

.stack     0    002ffc00    00000100     UNINITIALIZED
                  002ffc00    00000000     rts40.lib : boot.obj (.stack)

.sysmem    0    40000c00    00000000     UNINITIALIZED

.bss       0    40000cd7    00000026     UNINITIALIZED
                  40000cd7    00000004     int.obj (.bss)
                  40000cdb    00000000     rts40.lib : boot.obj (.bss)
                  40000cdb    00000000     interrup.obj (.bss)
                  40000cdb    00000022     rts40.lib : exit.obj (.bss)

.data      0    00000000    00000000     UNINITIALIZED
                  00000000    00000000     int.obj (.data)
                  00000000    00000000     rts40.lib : exit.obj (.data)
                  00000000    00000000               : boot.obj (.data)
                  00000000    00000000     interrup.obj (.data)


GLOBAL SYMBOLS

address  name                             address  name
-------- ----                             -------- ----
40000cd7 .bss                             00000000 edata
00000000 .data                            00000000 .data
40000c00 .text                            00000100 __STACK_SIZE
40000c83 _ClearIIOF                       002ffc00 __stack
40000c49 _DisableInt                      40000c00 .text
40000c1b _EnableInt                       40000c00 _main
40000c7f _GIEOff                          40000c10 _SetIntVect
40000c7d _GIEOn                           40000c17 _SetIntTable
40000c17 _SetIntTable                     40000c1b _EnableInt
40000c10 _SetIntVect                      40000c49 _DisableInt
40000cd8 _VIC_virsr                       40000c7d _GIEOn
00000100 __STACK_SIZE                     40000c7f _GIEOff
002ffc00 __stack                          40000c83 _ClearIIOF
40000cc5 _abort                           40000c89 _c_int00
40000cb2 _atexit                          40000ca2 _exit
40000c89 _c_int00                         40000cb2 _atexit
40000ca2 _exit                            40000cc5 _abort
40000cd7 _flag                            40000cca etext
40000cd9 _intpri                          40000cca cinit
40000cda _intvec                          40000cd7 .bss
40000c00 _main                            40000cd7 _flag
40000cca cinit                            40000cd8 _VIC_virsr
00000000 edata                            40000cd9 _intpri
40000cfd end                              40000cda _intvec
40000cca etext                            40000cfd end

[25 symbols]
