*****************************************************
TMS320C3x/4x COFF Linker        Version 4.40
*****************************************************
Thu Sep 24 17:27:19 1992

OUTPUT FILE NAME:   <fftdsp.x40>
ENTRY POINT SYMBOL: "_c_int00"  address: 400012ef


MEMORY CONFIGURATION

           name      origin     length     attributes     fill
         --------   --------   ---------   ----------   --------
         I_RAM      002ff800   000000800      RWIX      
         L_EPROM    00300000   000010000      RWIX      
         HOST_COD   40000000   000000b00      RWIX      
         STACK      40000b00   000000100      RWIX      
         INT_VECT   40000c00   000000200      RWIX      
         L_SRAM     40000e00   00000f800      RWIX      
         G_JTAG     81040000   000000100      RWIX      
         G_DRAM     8d000000   001000000      RWIX      
         G_SRAM     c0000000   000004000      RWIX      


SECTION ALLOCATION MAP

 output                                  attributes/
section   page    origin      length       input sections
--------  ----  ----------  ----------   ----------------
.text      0    40000e00    00000530     
                  40000e00    0000002d     fftdsp.obj (.text)
                  40000e2d    00000000     pythag.lib : costable.obj (.text)
                  40000e2d    00000077     interrup.obj (.text)
                  40000ea4    00000449     pythag.lib : pythag6.obj (.text)
                  400012ed    0000001b     rts40.lib : boot.obj (.text)
                  40001308    00000028               : exit.obj (.text)

.cinit     0    40000e00    0000001d     COPY SECTION
                  40000e00    00000016     fftdsp.obj (.cinit)
                  40000e16    00000006     rts40.lib : exit.obj (.cinit)
                  40000e1c    00000001     --HOLE-- [fill = 00000000]

.const     0    40000e00    00000000     UNINITIALIZED

.stack     0    40001330    00003fff     UNINITIALIZED
                  40001330    00000000     rts40.lib : boot.obj (.stack)

.sysmem    0    40000e00    00000000     UNINITIALIZED

.bss       0    4000532f    0000002f     UNINITIALIZED
                  4000532f    0000000d     fftdsp.obj (.bss)
                  4000533c    00000000     rts40.lib : boot.obj (.bss)
                  4000533c    00000000     pythag.lib : costable.obj (.bss)
                  4000533c    00000000                : pythag6.obj (.bss)
                  4000533c    00000000     interrup.obj (.bss)
                  4000533c    00000022     rts40.lib : exit.obj (.bss)

.data      0    40000e00    00000000     UNINITIALIZED
                  40000e00    00000000     fftdsp.obj (.data)
                  40000e00    00000000     rts40.lib : exit.obj (.data)
                  40000e00    00000000               : boot.obj (.data)
                  40000e00    00000000     pythag.lib : costable.obj (.data)
                  40000e00    00000000                : pythag6.obj (.data)
                  40000e00    00000000     interrup.obj (.data)

_costabl   0    c0000000    00000801     
                  c0000000    00000801     pythag.lib : costable.obj (_costabl)


GLOBAL SYMBOLS

address  name                             address  name
-------- ----                             -------- ----
4000532f .bss                             00003fff __STACK_SIZE
40000e00 .data                            40000e00 _main
40000e00 .text                            40000e00 .text
c0000000 TEMPSINE                         40000e00 edata
c0000800 TEMPTWIDDLE                      40000e00 .data
40000ea0 _ClearIIOF                       40000e2d _SetIntVect
40000e66 _DisableInt                      40000e34 _SetIntTable
40000e38 _EnableInt                       40000e38 _EnableInt
40005336 _FFTSize                         40000e66 _DisableInt
40000e9c _GIEOff                          40000e9a _GIEOn
40000e9a _GIEOn                           40000e9c _GIEOff
40000e34 _SetIntTable                     40000ea0 _ClearIIOF
40000e2d _SetIntVect                      40000ebb _cfft
4000532f _VIC_virsr                       40000f1f _rfft
00003fff __STACK_SIZE                     4000116d _cfft2d
40001330 __stack                          400011bc _rfft2d
4000132b _abort                           4000124c _cfftb
40001318 _atexit                          4000128e _cfft2b
400012ef _c_int00                         400012be _rfft2b
4000128e _cfft2b                          400012ef _c_int00
4000116d _cfft2d                          40001308 _exit
4000124c _cfftb                           40001318 _atexit
40000ebb _cfft                            4000132b _abort
40005333 _elapsed_time                    40001330 __stack
40001308 _exit                            40001330 etext
40005330 _in_addr                         4000532f .bss
40005334 _intpri                          4000532f _VIC_virsr
40005335 _intvec                          40005330 _in_addr
40000e00 _main                            40005331 _out_addr
40005331 _out_addr                        40005332 _start_flag
40000f1f _rfft                            40005333 _elapsed_time
400012be _rfft2b                          40005334 _intpri
400011bc _rfft2d                          40005335 _intvec
40005332 _start_flag                      40005336 _FFTSize
ffffffff cinit                            4000535e end
40000e00 edata                            c0000000 TEMPSINE
4000535e end                              c0000800 TEMPTWIDDLE
40001330 etext                            ffffffff cinit

[38 symbols]
