*****************************************************
TMS320C3x/4x COFF Linker        Version 4.40
*****************************************************
Tue Aug 25 15:38:17 1992

OUTPUT FILE NAME:   <hinttest.x40>
ENTRY POINT SYMBOL: "_c_int00"  address: 002ff883


MEMORY CONFIGURATION

           name      origin     length     attributes     fill
         --------   --------   ---------   ----------   --------
         RAM_BLK_   002ff800   000000600      RWIX      
         L_EPROM    00300000   000010000      RWIX      
         L_SRAM     40000000   000040000      RWIX      
         G_JTAG     81040000   000000100      RWIX      
         G_DRAM     8d000000   001000000      RWIX      
         G_SRAM     c0000000   000040000      RWIX      


SECTION ALLOCATION MAP

 output                                  attributes/
section   page    origin      length       input sections
--------  ----  ----------  ----------   ----------------
BOOT       0    002ff800    00000000     UNINITIALIZED

.text      0    002ff800    000000c4     
                  002ff800    00000008     hinttest.obj (.text)
                  002ff808    00000002     hint.obj (.text)
                  002ff80a    00000077     interrup.obj (.text)
                  002ff881    0000001b     rts40.lib : boot.obj (.text)
                  002ff89c    00000028               : exit.obj (.text)

.cinit     0    002ff8c4    00000007     
                  002ff8c4    00000006     rts40.lib : exit.obj (.cinit)
                  002ff8ca    00000001     --HOLE-- [fill = 00000000]

.const     0    002ff800    00000000     UNINITIALIZED

.stack     0    002ff8cb    00000200     UNINITIALIZED
                  002ff8cb    00000000     rts40.lib : boot.obj (.stack)

.bss       0    002ffacb    00000022     UNINITIALIZED
                  002ffacb    00000000     hinttest.obj (.bss)
                  002ffacb    00000000     rts40.lib : boot.obj (.bss)
                  002ffacb    00000000     interrup.obj (.bss)
                  002ffacb    00000000     hint.obj (.bss)
                  002ffacb    00000022     rts40.lib : exit.obj (.bss)

.data      0    00000000    00000000     UNINITIALIZED
                  00000000    00000000     hinttest.obj (.data)
                  00000000    00000000     rts40.lib : exit.obj (.data)
                  00000000    00000000               : boot.obj (.data)
                  00000000    00000000     interrup.obj (.data)
                  00000000    00000000     hint.obj (.data)


GLOBAL SYMBOLS

address  name                             address  name
-------- ----                             -------- ----
002ffacb .bss                             00000000 edata
00000000 .data                            00000000 .data
002ff800 .text                            00000200 __STACK_SIZE
002ff87d _ClearIIOF                       002ff800 .text
002ff843 _DisableInt                      002ff800 _main
002ff815 _EnableInt                       002ff808 _hint
002ff879 _GIEOff                          002ff80a _SetIntVect
002ff877 _GIEOn                           002ff811 _SetIntTable
002ff811 _SetIntTable                     002ff815 _EnableInt
002ff80a _SetIntVect                      002ff843 _DisableInt
00000200 __STACK_SIZE                     002ff877 _GIEOn
002ff8cb __stack                          002ff879 _GIEOff
002ff8bf _abort                           002ff87d _ClearIIOF
002ff8ac _atexit                          002ff883 _c_int00
002ff883 _c_int00                         002ff89c _exit
002ff89c _exit                            002ff8ac _atexit
002ff808 _hint                            002ff8bf _abort
002ff800 _main                            002ff8c4 etext
002ff8c4 cinit                            002ff8c4 cinit
00000000 edata                            002ff8cb __stack
002ffaed end                              002ffacb .bss
002ff8c4 etext                            002ffaed end

[22 symbols]
