*****************************************************
TMS320C3x/4x COFF Linker        Version 4.40
*****************************************************
Sat Sep 12 16:59:51 1992

OUTPUT FILE NAME:   <manddsp.x40>
ENTRY POINT SYMBOL: "_c_int00"  address: 4000610f


MEMORY CONFIGURATION

           name      origin     length     attributes     fill
         --------   --------   ---------   ----------   --------
         RAMBLK0    002ff800   000000400      RWIX      
         RAMBLK1    002ffc00   000000400      RWIX      
         L_EPROM    00300000   000010000      RWIX      
         L_SRAM     40006000   000003400      RWIX      
         G_DRAM     80040000   001000000      RWIX      
         G_JTAG     81040000   000000100      RWIX      
         G_SRAM     c0000000   000004000      RWIX      


SECTION ALLOCATION MAP

 output                                  attributes/
section   page    origin      length       input sections
--------  ----  ----------  ----------   ----------------
.text      0    40006000    00000181     
                  40006000    00000096     manddsp.obj (.text)
                  40006096    00000077     interrup.obj (.text)
                  4000610d    0000001b     rts40.lib : boot.obj (.text)
                  40006128    00000031               : divu.obj (.text)
                  40006159    00000028               : exit.obj (.text)

.cinit     0    40006000    0000001a     COPY SECTION
                  40006000    00000013     manddsp.obj (.cinit)
                  40006013    00000006     rts40.lib : exit.obj (.cinit)
                  40006019    00000001     --HOLE-- [fill = 00000000]

.const     0    40006000    00000000     UNINITIALIZED

.stack     0    40006181    00000100     UNINITIALIZED
                  40006181    00000000     rts40.lib : boot.obj (.stack)

.sysmem    0    40006000    00000000     UNINITIALIZED

.bss       0    40006281    00000994     UNINITIALIZED
                  40006281    00000972     manddsp.obj (.bss)
                  40006bf3    00000000     rts40.lib : divu.obj (.bss)
                  40006bf3    00000000               : boot.obj (.bss)
                  40006bf3    00000000     interrup.obj (.bss)
                  40006bf3    00000022     rts40.lib : exit.obj (.bss)

.data      0    00000000    00000000     UNINITIALIZED
                  00000000    00000000     manddsp.obj (.data)
                  00000000    00000000     rts40.lib : exit.obj (.data)
                  00000000    00000000               : divu.obj (.data)
                  00000000    00000000               : boot.obj (.data)
                  00000000    00000000     interrup.obj (.data)


GLOBAL SYMBOLS

address  name                             address  name
-------- ----                             -------- ----
40006281 .bss                             00000000 .data
00000000 .data                            00000000 edata
40006000 .text                            00000100 __STACK_SIZE
40006128 DIV_U                            40006000 _main
40006109 _ClearIIOF                       40006000 .text
400060cf _DisableInt                      4000605c _process_line
400060a1 _EnableInt                       40006096 _SetIntVect
40006105 _GIEOff                          4000609d _SetIntTable
40006103 _GIEOn                           400060a1 _EnableInt
4000609d _SetIntTable                     400060cf _DisableInt
40006096 _SetIntVect                      40006103 _GIEOn
40006285 _VIC_virsr                       40006105 _GIEOff
00000100 __STACK_SIZE                     40006109 _ClearIIOF
40006181 __stack                          4000610f _c_int00
4000617c _abort                           40006128 DIV_U
40006169 _atexit                          40006159 _exit
40006290 _buf1                            40006169 _atexit
40006740 _buf2                            4000617c _abort
4000610f _c_int00                         40006181 __stack
40006159 _exit                            40006181 etext
4000628c _height                          40006281 .bss
40006287 _intpri                          40006281 _start_flag
4000628d _intvec                          40006282 _line_done
40006282 _line_done                       40006283 _x_start
40006000 _main                            40006284 _x_step
4000628f _max_val                         40006285 _VIC_virsr
40006bf0 _maxit                           40006286 _y_start
4000605c _process_line                    40006287 _intpri
40006281 _start_flag                      40006288 _y_coord
4000628e _width                           40006289 _y_step
40006283 _x_start                         4000628a _ycoord1
40006284 _x_step                          4000628b _ycoord2
40006288 _y_coord                         4000628c _height
40006286 _y_start                         4000628d _intvec
40006289 _y_step                          4000628e _width
4000628a _ycoord1                         4000628f _max_val
4000628b _ycoord2                         40006290 _buf1
ffffffff cinit                            40006740 _buf2
00000000 edata                            40006bf0 _maxit
40006c15 end                              40006c15 end
40006181 etext                            ffffffff cinit

[41 symbols]
