*****************************************************
TMS320C3x/4x COFF Linker        Version 4.40
*****************************************************
Tue Sep 15 00:56:09 1992

OUTPUT FILE NAME:   <landdsp.x40>
ENTRY POINT SYMBOL: "_c_int00"  address: 400021e5


MEMORY CONFIGURATION

           name      origin     length     attributes     fill
         --------   --------   ---------   ----------   --------
         RAMBLK0    002ff800   000000800      RWIX      
         L_EPROM    00300000   000010000      RWIX      
         L_SRAM     40002000   00000e000      RWIX      
         G_DRAM     80040000   001000000      RWIX      
         G_JTAG     81040000   000000100      RWIX      
         G_SRAM     c0000000   000004000      RWIX      


SECTION ALLOCATION MAP

 output                                  attributes/
section   page    origin      length       input sections
--------  ----  ----------  ----------   ----------------
.text      0    40002000    00000226     
                  40002000    0000014c     landdsp.obj (.text)
                  4000214c    00000077     interrup.obj (.text)
                  400021c3    00000020     rts40.lib : rand.obj (.text)
                  400021e3    0000001b               : boot.obj (.text)
                  400021fe    00000028               : exit.obj (.text)

.cinit     0    40002000    00000024     COPY SECTION
                  40002000    0000001a     landdsp.obj (.cinit)
                  4000201a    00000003     rts40.lib : rand.obj (.cinit)
                  4000201d    00000006               : exit.obj (.cinit)
                  40002023    00000001     --HOLE-- [fill = 00000000]

.const     0    40002000    00000000     UNINITIALIZED

.stack     0    c0000000    00000800     UNINITIALIZED
                  c0000000    00000000     rts40.lib : boot.obj (.stack)

.sysmem    0    40002000    00000000     UNINITIALIZED

.bss       0    40002226    00002f23     UNINITIALIZED
                  40002226    00002f00     landdsp.obj (.bss)
                  40005126    00000000     rts40.lib : boot.obj (.bss)
                  40005126    00000000     interrup.obj (.bss)
                  40005126    00000001     rts40.lib : rand.obj (.bss)
                  40005127    00000022               : exit.obj (.bss)

.data      0    00000000    00000000     UNINITIALIZED
                  00000000    00000000     landdsp.obj (.data)
                  00000000    00000000     rts40.lib : exit.obj (.data)
                  00000000    00000000               : boot.obj (.data)
                  00000000    00000000               : rand.obj (.data)
                  00000000    00000000     interrup.obj (.data)


GLOBAL SYMBOLS

address  name                             address  name
-------- ----                             -------- ----
40002226 .bss                             00000000 edata
00000000 .data                            00000000 .data
40002000 .text                            00000800 __STACK_SIZE
400021bf _ClearIIOF                       40002000 _main
40002185 _DisableInt                      40002000 .text
40002157 _EnableInt                       40002031 _frac
400021bb _GIEOff                          400020f4 _addline
400021b9 _GIEOn                           40002138 _draw_lines
4000510e _LANDCOLOR                       4000214c _SetIntVect
40002153 _SetIntTable                     40002153 _SetIntTable
4000214c _SetIntVect                      40002157 _EnableInt
40002226 _VIC_virsr                       40002185 _DisableInt
40005112 _WATERCOLOR                      400021b9 _GIEOn
00000800 __STACK_SIZE                     400021bb _GIEOff
c0000000 __stack                          400021bf _ClearIIOF
40002221 _abort                           400021c3 _rand
400020f4 _addline                         400021da _srand
4000220e _atexit                          400021e5 _c_int00
400021e5 _c_int00                         400021fe _exit
4000222b _done_flag                       4000220e _atexit
40002138 _draw_lines                      40002221 _abort
400021fe _exit                            40002226 etext
40002031 _frac                            40002226 _VIC_virsr
40005116 _ideep                           40002226 .bss
4000510d _intpri                          40002227 _nl
40005113 _intvec                          40002228 _seed
40005118 _ix0                             40002229 _start_flag
40005119 _ix2                             4000222a _ready_flag
4000511a _iy0                             4000222b _done_flag
4000511b _iy2                             4000222d _lines
4000511c _iz0                             4000510d _intpri
4000511d _iz1                             4000510e _LANDCOLOR
4000511e _iz2                             4000510f _testline
4000511f _iz3                             40005112 _WATERCOLOR
4000222d _lines                           40005113 _intvec
40002000 _main                            40005114 _ybottom
40002227 _nl                              40005115 _steep
400021c3 _rand                            40005116 _ideep
4000222a _ready_flag                      40005117 _sealevel
40005117 _sealevel                        40005118 _ix0
40002228 _seed                            40005119 _ix2
400021da _srand                           4000511a _iy0
40002229 _start_flag                      4000511b _iy2
40005115 _steep                           4000511c _iz0
4000510f _testline                        4000511d _iz1
40005114 _ybottom                         4000511e _iz2
ffffffff cinit                            4000511f _iz3
00000000 edata                            40005149 end
40005149 end                              c0000000 __stack
40002226 etext                            ffffffff cinit

[50 symbols]
